Command: /home/rjt21/.espressif/python_env/idf6.0_py3.12_env/bin/python /home/rjt21/esp-idf/tools/idf_monitor.py -p /dev/ttyUSB0 -b 115200 --toolchain-prefix xtensa-esp32-elf- --target esp32 --revision 0 /home/rjt21/esp-projects/ecen330_lab7/build/ecen330_lab7.elf /home/rjt21/esp-projects/ecen330_lab7/build/bootloader/bootloader.elf -m '/home/rjt21/.espressif/python_env/idf6.0_py3.12_env/bin/python' '/home/rjt21/esp-idf/tools/idf.py'
 3FFE0440 len 00003AE0 (14 KiB): D/IRAM
[0;32mI (299) heap_init: At 3ï¿½ets Jun  8 2016 00:22:57[0m

rst:0x1 (POWERON_RESET),boot:0x13 (SPI_FAST_FLASH_BOOT)
configsip: 0, SPIWP:0xee
clk_drv:0x00,q_drv:0x00,d_drv:0x00,cs0_drv:0x00,hd_drv:0x00,wp_drv:0x00
mode:DIO, clock div:2
load:0x3fff0030,len:6376
load:0x40078000,len:15864
load:0x40080400,len:3908
entry 0x40080644
[0;32mI (27) boot: ESP-IDF v6.0-dev-2367-g5c5eb99eab 2nd stage bootloader[0m
[0;32mI (27) boot: compile time Nov 21 2025 14:49:58[0m
[0;32mI (27) boot: Multicore bootloader[0m
[0;32mI (30) boot: chip revision: v1.1[0m
[0;32mI (33) boot.esp32: SPI Speed      : 40MHz[0m
[0;32mI (36) boot.esp32: SPI Mode       : DIO[0m
[0;32mI (40) boot.esp32: SPI Flash Size : 2MB[0m
[0;32mI (43) boot: Enabling RNG early entropy source...[0m
[0;32mI (48) boot: Partition Table:[0m
[0;32mI (50) boot: ## Label            Usage          Type ST Offset   Length[0m
[0;32mI (57) boot:  0 nvs              WiFi data        01 02 00009000 00006000[0m
[0;32mI (63) boot:  1 phy_init         RF data          01 01 0000f000 00001000[0m
[0;32mI (70) boot:  2 factory          factory app      00 00 00010000 00100000[0m
[0;32mI (76) boot: End of partition table[0m
[0;32mI (80) esp_image: segment 0: paddr=00010020 vaddr=3f400020 size=0d410h ( 54288) map[0m
[0;32mI (106) esp_image: segment 1: paddr=0001d438 vaddr=3ffb0000 size=02be0h ( 11232) load[0m
[0;32mI (111) esp_image: segment 2: paddr=00020020 vaddr=400d0020 size=2d77ch (186236) map[0m
[0;32mI (178) esp_image: segment 3: paddr=0004d7a4 vaddr=3ffb2be0 size=008a0h (  2208) load[0m
[0;32mI (179) esp_image: segment 4: paddr=0004eI (208) esp_image: segment 5: paddr=0005db1c vaddr=50000000 size=00024h (    36) load[0m
[0;32mI (216) boot: Loaded app from partition at offset 0x10000[0m
[0;32mI (216) boot: Disabling RNG early entropy source...[0m
[0;32mI (229) cpu_start: Multicore app[0m
[0;32mI (237) cpu_start: GPIO 3 and 1 are used as console UART I/O pins[0m
[0;32mI (237) cpu_start: Pro cpu start user code[0m
[0;32mI (237) cpu_start: cpu freq: 160000000 Hz[0m
[0;32mI (239) app_init: Application information:[0m
[0;32mI (243) app_init: Project name:     ecen330_lab7[0m
[0;32mI (247) app_init: App version:      1[0m
[0;32mI (251) app_init: Compile time:     Nov 21 2025 16:36:40[0m
[0;32mI (256) app_init: ELF file SHA256:  41b43822e...[0m
[0;32mI (260) app_init: ESP-IDF:          v6.0-dev-2367-g5c5eb99eab[0m
[0;32mI (265) efuse_init: Min chip rev:     v0.0[0m
[0;32mI (269) efuse_init: Max chip rev:     v3.99 [0m
[0;32mI (273) efuse_init: Chip rev:         v1.1[0m
[0;32mI (277) heap_init: Initializing. RAM available for dynamic allocation:[0m
[0;32mI (283) heap_init: At 3FFAE6E0 len 00001920 (6 KiB): DRAM[0m
[0;32mI (288) heap_init: At 3FFD39A8 len 0000C658 (49 KiB): DRAM[0m
[0;32mI (294) heap_init: At 3FFE0440 len 00003AE0 (14 KiB): D/IRAM[0m
[0;32mI (299) heap_init: At 3FFE4350 len 0001BCB0 (111 KiB): D/IRAM[0m
[0;32mI (304) heap_init: At 4008FAC8 len 00010538 (65 KiB): IRAM[0m
[0;32mI (311) spi_flash: detected chip: generic[0m
[0;32mI (313) spi_flash: flash io: dio[0m
[0;33mW (316) spi_flash: Detected size(4096k) larger than the size in the binary image header(2048k). Using the size in the binary image header.[0m
[0;32mI (330) main_task: Started on CPU0[0m
[0;32mI (340) main_task: Calling app_main()[0m
[0;32mI (340) ADC_LOGGER: Starting ADC Logger (SPIFFS)[0m
[1;31mE (340) SPIFFS: spiffs partition could not be found[0m
ESP_ERROR_CHECK failed: esp_err_t 0x105 (ESP_ERR_NOT_FOUND) at 0x400d6f7f
file: "./main/config_adc_raw_data.c" line 120
func: init_spiffs
expression: esp_vfs_spiffs_register(&conf)

abort() was called at PC 0x40087ce7 on core 0


Backtrace: 0x40087d8d:0x3ffd5a50 0x40087d55:0x3ffd5a70 0x40087841:0x3ffd5a90 0x40087ce7:0x3ffd5b00 0x400d6f7f:0x3ffd5b30 0x400d6fd7:0x3ffd5b80 0x400d3df6:0x3ffd5c20 0x400fadc2:0x3ffd5c50




ELF file SHA256: 41b43822e

Rebooting...
ets Jun  8 2016 00:22:57

rst:0xc (SW_CPU_RESET),boot:0x13 (SPI_FAST_FLASH_BOOT)
configsip: 0, SPIWP:0xee
clk_drv:0x00,q_drv:0x00,d_drv:0x00,cs0_drv:0x00,hd_drv:0x00,wp_drv:0x00
mode:DIO, clock div:2
load:0x3fff0030,len:6376
load:0x40078000,len:15864
load:0x40080400,len:3908
entry 0x40080644
[0;32mI (27) boot: ESP-IDF v6.0-dev-2367-g5c5eb99eab 2nd stage bootloader[0m
[0;32mI (27) boot: compile time Nov 21 2025 14:49:58[0m
[0;32mI (27) boot: Multicore bootloader[0m
[0;32mI (30) boot: chip revision: v1.1[0m
[0;32mI (33) boot.esp32: SPI Speed      : 40MHz[0m
[0;32mI (37) boot.esp32: SPI Mode       : DIO[0m
[0;32mI (40) boot.esp32: SPI Flash Size : 2MB[0m
[0;32mI (44) boot: Enabling RNG early entropy source...[0m
[0;32mI (48) boot: Partition Table:[0m
[0;32mI (51) boot: ## Label            Usage          Type ST Offset   Length[0m
[0;32mI (57) boot:  0 nvs              WiFi data        01 02 00009000 00006000[0m
[0;32mI (64) boot:  1 phy_init         RF data          01 01 0000f000 00001000[0m
[0;32mI (70) boot:  2 factory          factory app      00 00 00010000 00100000[0m
[0;32mI (77) boot: End of partition table[0m
[0;32mI (80) esp_image: segment 0: paddr=00010020 vaddr=3f400020 size=0d410h ( 54288) map[0m
[0;32mI (107) esp_image: segment 1: paddr=0001d438 vaddr=3ffb0000 size=02be0h ( 11232) load[0m
[0;32mI (112) esp_image: segment 2: paddr=00020020 vaddr=400d0020 size=2d77ch (186236) map[0m
[0;32mI (178) esp_image: segment 3: paddr=0004d7a4 vaddr=3ffb2be0 size=008a0h (  2208) load[0m
[0;32mI (179) esp_image: segment 4: paddr=0004e04c vaddr=40080000 size=0fac8h ( 64200) load[0m
[0;32mI (208) esp_image: segment 5: paddr=0005db1c vaddr=50000000 size=00024h (    36) load[0m
[0;32mI (217) boot: Loaded app from partition at offset 0x10000[0m
[0;32mI (217) boot: Disabling RNG early entropy source...[0m
[0;32mI (229) cpu_start: Multicore app[0m
[0;32mI (237) cpu_start: GPIO 3 and 1 are used as console UART I/O pins[0m
[0;32mI (238) cpu_start: Pro cpu start user code[0m
[0;32mI (238) cpu_start: cpu freq: 160000000 Hz[0m
[0;32mI (239) app_init: Application information:[0m
[0;32mI (243) app_init: Project name:     ecen330_lab7[0m
[0;32mI (248) app_init: App version:      1[0m
[0;32mI (251) app_init: Compile time:     Nov 21 2025 16:36:40[0m
[0;32mI (256) app_init: ELF file SHA256:  41b43822e...[0m
[0;32mI (260) app_init: ESP-IDF:          v6.0-dev-2367-g5c5eb99eab[0m
[0;32mI (266) efuse_init: Min chip rev:     v0.0[0m
[0;32mI (270) efuse_init: Max chip rev:     v3.99 [0m
[0;32mI (274) efuse_init: Chip rev:         v1.1[0m
[0;32mI (278) heap_init: Initializing. RAM available for dynamic allocation:[0m
[0;32mI (284) heap_init: At 3FFAE6E0 len 00001920 (6 KiB): DRAM[0m
[0;32mI (289) heap_init: At 3FFD39A8 len 0000C658 (49 KiB): DRAM[0m
[0;32mI (294) heap_init: At 3FFE0440 len 00003AE0 (14 KiB): D/IRAM[0m
[0;32mI (299) heap_init: At 3FFE4350 len 0001BCB0 (111 KiB): D/IRAM[0m
[0;32mI (305) heap_init: At 4008FAC8 len 00010538 (65 KiB): IRAM[0m
[0;32mI (312) spi_flash: detected chip: generic[0m
[0;32mI (314) spi_flash: flash io: dio[0m
[0;33mW (317) spi_flash: Detected size(4096k) larger than the size in the binary image header(2048k). Using the size in the binary image header.[0m
[0;32mI (330) main_task: Started on CPU0[0m
[0;32mI (340) main_task: Calling app_main()[0m
[0;32mI (340) ADC_LOGGER: Starting ADC Logger (SPIFFS)[0m
[1;31mE (340) SPIFFS: spiffs partition could not be found[0m
ESP_ERROR_CHECK failed: esp_err_t 0x105 (ESP_ERR_NOT_FOUND) at 0x400d6f7f
file: "./main/config_adc_raw_data.c" line 120
func: init_spiffs
expression: esp_vfs_spiffs_register(&conf)

abort() was called at PC 0x40087ce7 on core 0


Backtrace: 0x40087d8d:0x3ffd5a50 0x40087d55:0x3ffd5a70 0x40087841:0x3ffd5a90 0x40087ce7:0x3ffd5b00 0x400d6f7f:0x3ffd5b30 0x400d6fd7:0x3ffd5b80 0x400d3df6:0x3ffd5c20 0x400fadc2:0x3ffd5c50




ELF file SHA256: 41b43822e

Rebooting...
ets Jun  8 2016 00:22:57

rst:0xc (SW_CPU_RESET),boot:0x13 (SPI_FAST_FLASH_BOOT)
configsip: 0, SPIWP:0xee
clk_drv:0x00,q_drv:0x00,d_drv:0x00,cs0_drv:0x00,hd_drv:0x00,wp_drv:0x00
mode:DIO, clock div:2
load:0x3fff0030,len:6376
load:0x40078000,len:15864
load:0x40080400,len:3908
entry 0x40080644
[0;32mI (27) boot: ESP-IDF v6.0-dev-2367-g5c5eb99eab 2nd stage bootloader[0m
[0;32mI (27) boot: compile time Nov 21 2025 14:49:58[0m
[0;32mI (27) boot1.1[0m
[0;32mI (33) boot.esp32: SPI Speed      : 40MHz[0m
[0;32mI (37) boot.esp32: SPI Mode       : DIO[0m
[0;32mI (40) boot.esp32: SPI Flash Size : 2MB[0m
[0;32mI (44) boot: Enabling RNG early entropy source...[0m
[0;32mI (48) boot: Partition Table:[0m
[0;32mI (51) boot: ## Label            Usage          Type ST Offset   Length[0m
[0;32mI (57) boot:  0 nvs              WiFi data        01 02 00009000 00006000[0m
[0;32mI (64) boot:  1 phy_init         RF data          01 01 0000f000 00001000[0m
[0;32mI (70) boot:  2 factory          factory app      00 00 00010000 00100000[0m
[0;32mI (77) boot: End of partition table[0m
[0;32mI (80) esp_image: segment 0: paddr=00010020 vaddr=3f400020 size=0d410h ( 54288) map[0m
[0;32mI (107) esp_image: segment 1: paddr=0001d438 vaddr=3ffb0000 size=02be0h ( 11232) load[0m
[0;32mI (112) esp_image: segment 2: paddr=00020020 vaddr=400d0020 size=2d77ch (186236) map[0m
[0;32mI (178) esp_image: segment 3: paddr=0004d7a4 vaddr=3ffb2be0 size=008a0h (  2208) load[0m
[0;32mI (179) esp_image: segment 4: paddr=0004e04c vaddr=40080000 size=0fac8h ( 64200) load[0m
[0;32mI (208) esp_image: segment 5: paddr=0005db1c vaddr=50000000 size=00024h (    36) load[0m
[0;32mI (217) boot: Loaded app from partition at offset 0x10000[0m
[0;32mI (217) boot: Disabling RNG early entropy source...[0m
[0;32mI (229) cpu_start: Multicore app[0m
[0;32mI (237) cpu_start: GPIO 3 and 1 are used as console UART I/O pins[0m
[0;32mI (238) cpu_start: Pro cpu start user code[0m
[0;32mI (238) cpu_start: cpu freq: 160000000 Hz[0m
[0;32mI (239) app_init: Application information:[0m
[0;32mI (243) app_init: Project p rev:         v1.1[0m
[0;32mI (278) heaializing. RAM available for dynamic allocation:[0m
[0;32mI (284) heap_init: At 3FFAE6E0 len 00001920 (6 KiB): DRAM[0m
[0;32mI (289) heap_init: At 3FFD39A8 len 0000C658 (49 KiB): DRAM[0m
[0;32mI (294) heap_init: At 3FFE0440 len 00003AE0 (14 KiB): D/IRAM[0m
[0;32mI (299) heap_init: At 3FFE4350 len 0001BCB0 (111 KiB): D/IRAM[0m
[0;32mI (305) heap_init: At 4008FAC8 len 00010538 (65 KiB): IRAM[0m
[0;32mI (312) spi_flash: detected chip: generic[0m
[0;32mI (314) spi_flash: flash io: dio[0m
[0;33mW (317) spi_flash: Detected size(4096k) larger than the size in the binary image header(2048k). Using the size in the binary image header.[0m
[0;32mI (330) main_task: Started on CPU0[0m
[0;32mI (340) main_task: Calling app_main()[0m
[0;32mI (340) ADC_LOGGER: Starting ADC Logger (SPIFFS)[0m
[1;31mE (340) SPIFFS: spiffs partition could not be found[0m
ESP_ERROR_CHECK failed: esp_err_t 0x105 (ESP_ERR_NOT_FOUND) at 0x400d6f7f
file: "./main/config_adc_raw_data.c" line 120
func: init_spiffs
expression: esp_vfs_spiffs_register(&conf)

abort() was called at PC 0x40087ce7 on core 0


Backtrace: 0x40087d8d:0x3ffd5a50 0x40087d55:0x3ffd5a70 0x40087841:0x3ffd5a90 0x40087ce7:0x3ffd5b00 0x400d6f7f:0x3ffd5b30 0x400d6fd7:0x3ffd5b80 0x400d3df6:0x3ffd5c20 0x400fadc2:0x3ffd5c50




ELF file SHA256: 41b43822e

Rebooting...
ets Jun  8 2016 00:22:57

rst:0xc (SW_CPU_RESET),boot:0x13 (SPI_FAST_FLASH_BOOT)
configsip: 0, SPIWP:0xee
clk_drv:0x00,q_drv:0x00,d_drv:0x00,cs0_drv:0x00,hd_drv:0x00,wp_drv:0x00
mode:DIO, clock div:2
load:0x3fff0030,len:6376
load:0x40078000,len:15864
load:0x40080400,len:3908
entry 0x40080644
[0;32mI (27) boot: ESP-IDF v6.0-dev-2367-g5c5eb99eab 2nd stage bootloader[0m
[0;32mI (27) boot: compile time Nov 21 2025 14:49:58[0m
[0;32mI (27) boot: Multicore bootloader[0m
[0;32mI (30) boot: chip revision: v1.1[0m
[0;32mI (33) boot.esp32: SPI Speed      : 40MHz[0m
[0;32mI (37) boot.esp32: SPI Mode       : DIO[0m
[0;32mI (40) boot.esp32: SPI Flash Size : 2MB[0m
[0;32mI (44) boot: Enabling RNG early entropy source...[0m
[0;32mI (48) boot: Partition Table:[0m
[0;32mI (51) boot: ## Label            Usage          Type ST Offset   Length[0m
[0;32mI (57) boot:  0 nvs              WiFi data        01 02 00009000 00006000[0m
[0;32mI (64) boot:  1 phy_init         RF data          01 01 0000f000 00001000[0m
[0;32mI (70) boot:  2 factory          factory app      00 00 00010000 00100000[0m
[0;32mI (77) boot: End of partition table[0m
[0;32mI (80) esp_image: segment 0: paddr=00010020 vaddr=3f400020 size=0d410h ( 54288) map[0m
[0;32mI (107) esp_image: segment 1: paddr=0001d438 vaddr=3ffb0000 size=02be0h ( 11232) load[0m
[0;32mI (112) esp_image: segment 2: paddr=00020020 vaddr=400d0020 size=2d77ch (186236) map[0m
[0;32mI (178) esp_image: segment 3: paddr=0004d7a4 vaddr=3ffb2be0 size=008a0h (  2208) load[0m
[0;32mI (179) esp_image: segment 4: paddr=0004e04c vaddr=40080000 size=0fac8h ( 64200) load[0m
[0;32mI (208) esp_image: segment 5: paddr=0005db1c vaddr=50000000 size=00024h (    36) load[0m
[0;32mI (217) boot: Loaded app from partition at offset 0x10000[0m
[0;32mI (217) boot: Disabling RNG early entropy source...[0m
[0;32mI (229) cpu_start: Multicore app[0m
[0;32mI (237) cpu_start: GPIO 3 and 1 are used as console UART I/O pins[0m
[0;32mI (238) cpu_start: Pro cpu start user code[0m
[0;32mI (238) cpu_start: cpu freq: 160000000 Hz[0m
[0;32mI (239) app_init: Application information:[0m
[0;32mI (243) app_init: Project name:     ecen330_lab7[0m
[0;32mI (248) app_init: App version:      1[0m
[0;32mI (251) app_init: Compile time:     Nov 21 2025 16:36:40[0m
[0;32mI (256) app_init: ELF file SHA256:  41b43822e...[0m
[0;32mI (260) app_init: ESP-IDF:          v6.0-dev-2367-g5c5eb99eab[0m
[0;32mI (266) efuse_init: Min chip rev:     v0.0[0m
[0;32mI (270) efuse_init: Max chip rev:     v3.99 [0m
[0;32mI (274) efuse_init: Chip rev:         v1.1[0m
[0;32mI (278) heap_init: Initializing. RAM available for dynamic allocation:[0m
[0;32mI (284) heap_init: At 3FFAE6E0 len 00001920 (6 KiB): DRAM[0m
[0;32mI (289) heap_init: At 3FFD39A8 len 0000C658 (49 KiB): DRAM[0m
[0;32mI (294) heap_init: At 3FFE0440 len 00003AE0 (14 KiB): D/IRAM[0m
[0;32mI (299) heap_init: At 3FFE4350 len 0001BCB0 (111 KiB): D/IRAM[0m
[0;32mI (305) heap_init: At 4008FAC8 len 00010538 (65 KiB): IRAM[0m
[0;32mI (312) spi_flash: detected chip: generic[0m
[0;32mI (314) spi_flash: flash io: dio[0m
[0;33mW (317) spi_flash: Detected size(4096k) larger than the size in the binary image header(2048k). Using the size in the binary image header.[0m
[0;32mI (330) main_task: Started on CPU0[0m
[0;32mI (340) main_task: Calling app_main()[0m
[0;32mI (340) ADC_LOGGER: Starting ADC Logger (SPIFFS)[0m
[1;31mE (340) SPIFFS: spiffs partition could not be found[0m
ESP_ERROR_CHECK failed: esp_err_t 0x105 (ESP_ERR_NOT_FOUND) at 0x400d6f7f
file: "./main/config_adc_raw_data.c" line 120
func: init_spiffs
expression: esp_vfs_spiffs_register(&conf)

abort() was called at PC 0x40087ce7 on core 0


Backtrace: 0x40087d8d:0x3ffd5a50 0x40087d55:0x3ffd5a70 0x40087841:0x3ffd5a90 0x40087ce7:0x3ffd5b00 0x400d6f7f:0x3ffd5b30 0x400d6fd7:0x3ffd5b80 0x400d3df6:0x3ffd5c20 0x400fadc2:0x3ffd5c50




ELF file SHA256: 41b43822e

Rebooting...
ets Jun  8 2016 00:22:57

rst:0xc (SW_CPU_RESET),boot:0x13 (SPI_FAST_FLASH_BOOT)
configsip: 0, SPIWP:0xee
clk_drv:0x00,q_drv:0x00,d_drv:0x00,cs0_drv:0x00,hd_drv:0x00,wp_drv:0x00
mode:DIO, clock div:2
load:0x3fff0030,len:6376
load:0x40078000,len:15864
load:0x40080400,len:3908
entry 0x40080644
[0;32mI (27) boot: ESP-IDF v6.0-dev-2367-g5c5eb99eab 2nd stage bootloader[0m
[0;32mI (27) boot: compile time Nov 21 2025 14:49:58[0m
[0;32mI (27) boot: Multicore bootloader[0m
[0;32mI (30) boot: chip revision: v1.1[0m
[0;32mI (33) boot.esp32: SPI Speed      : 40MHz[0m
[0;32mI (37) boot.esp32: SPI Mode       : DIO[0m
[0;32mI (40) boot.esp32: SPI Flash Size : 2MB[0m
[0;32mI (44) boot: Enabling RNG early entropy source...[0m
[0;32mI (48) boot: Partition Table:[0m
[0;32mI (51) boot: ## Label            Usage          Type ST Offset   Length[0m
[0;32mI (57) boot:  0 nvs              WiFi data        01 02 00009000 00006000[0m
[0;32mI (64) boot:  1 phy_init         RF data          01 01 0000f000 00001000[0m
[0;32mI (70) boot:  2 factory          factory app      00 00 00010000 00100000[0m
[0;32mI (77) boot: End of partition table[0m
[0;32mI (80) esp_image: segment 0: paddr=00010020 vaddr=3f400020 size=0d410h ( 54288) map[0m
[0;32mI (107) esp_image: segment 1: paddr=0001d438 vaddr=3ffb0000 size=02be0h ( 11232) load[0m
[0;32mI (112) eI (178) esp_image: segment 3: paddr=0004d7a4 vaddr=3ffb2be0 size=008a0h (  2208) load[0m
[0;32mI (179) esp_image: segment 4: paddr=0004e04c vaddr=40080000 size=0fac8h ( 64200) load[0m
[0;32mI (208) esp_image: segment 5: paddr=0005db1c vaddr=50000000 size=00024h (    36) load[0m
[0;32mI (217) boot: Loaded app from partition at offset 0x10000[0m
[0;32mI (217) boot: Disabling RNG early entropy source...[0m
[0;32mI (229) cpu_start: Multicore app[0m
[0;32mI (237) cpu_start: GPIO 3 and 1 are used as console UART I/O pins[0m
[0;32mI (238) cpu_start: Pro cpu start user code[0m
[0;32mI (238) cpu_start: cpu freq: 160000000 Hz[0m
[0;32mI (239) app_init: Application information:[0m
[0;32mI (243) app_init: Project name:     ecen330_lab7[0m
[0;32mI (248) app_init: App version:      1[0m
[0;32mI (251) app_init: Compile time:     Nov 21 2025 16:36:40[0m
[0;32mI (256) app_init: ELF file SHA256:  41b43822e...[0m
[0;32mI (260) app_init: ESP-IDF:          v6.0-dev-2367-g5c5eb99eab[0m
[0;32mI (266) efuse_init: Min chip rev:     v0.0[0m
[0;32mI (270) efuse_init: Max chip rev:     v3.99 [0m
[0;32mI (274) efuse_init: Chip rev:         v1.1[0m
[0;32mI (278) heap_init: Initializing. RAM available for dynamic allocation:[0m
[0;32mI (284) heap_init: At 3FFAE6E0 len 00001920 (6 KiB): DRAM[0m
[0;32mI (289) heap_init: At 3FFD39A8 len 0000C658 (49 KiB): DRAM[0m
[0;32mI (294) heap_init: At 3FFE0440 len 00003AE0 (14 KiB): D/IRAM[0m
[0;32mI (299) heap_init: At 3FFE4350 len 0001BCB0 (111 KiB): D/IRAM[0m
[0;32mI (305) heap_init: At 4008FAC8 len 00010538 (65 KiB): IRAM[0m
[0;32mI (312) spi_flash: detected chip: generic[0m
[0;32mI (314) spi_flash: flash io: dio[0m
[0;33mW (317) spi_flash: Detected size(4096k) larger than the size in the binary image header(2048k). Using the size in the binary image header.[0m
[0;32mI (330) main_task: Started on CPU0[0m
[0;32mI (340) main_task: Calling app_main()[0m
[0;32mI (340) ADC_LOGGER: Starting ADC Logger (SPIFFS)[0m
[1;31mE (340) SPIFFS: spiffs partition could not be found[0m
ESP_ERROR_CHECK failed: esp_err_t 0x105 (ESP_ERR_NOT_FOUND) at 0x400d6f7f
file: "./main/config_adc_raw_data.c" line 120
func: init_spiffs
expression: esp_vfs_spiffs_register(&conf)

abort() was called at PC 0x40087ce7 on core 0


