Command: /home/rjt21/.espressif/python_env/idf6.0_py3.12_env/bin/python /home/rjt21/esp-idf/tools/idf_monitor.py -p /dev/ttyUSB0 -b 115200 --toolchain-prefix xtensa-esp32-elf- --target esp32 --revision 0 /home/rjt21/esp-projects/ecen330_lab7/build/ecen330_lab7.elf /home/rjt21/esp-projects/ecen330_lab7/build/bootloader/bootloader.elf -m '/home/rjt21/.espressif/python_env/idf6.0_py3.12_env/bin/python' '/home/rjt21/esp-idf/tools/idf.py'
[0;32mI (214) esp_image: segment 5:ï¿½ets Jun  8 2016 00:22:57[0m

rst:0x1 (POWERON_RESET),boot:0x13 (SPI_FAST_FLASH_BOOT)
configsip: 0, SPIWP:0xee
clk_drv:0x00,q_drv:0x00,d_drv:0x00,cs0_drv:0x00,hd_drv:0x00,wp_drv:0x00
mode:DIO, clock div:2
load:0x3fff0030,len:6376
load:0x40078000,len:15864
load:0x40080400,len:3908
entry 0x40080644
[0;32mI (27) boot: ESP-IDF v6.0-dev-2367-g5c5eb99eab 2nd stage bootloader[0m
[0;32mI (27) boot: compile time Nov 21 2025 16:40:40[0m
[0;32mI (27) boot: Multicore bootloader[0m
[0;32mI (30) boot: chip revision: v1.1[0m
[0;32mI (32) boot.esp32: SPI Speed      : 40MHz[0m
[0;32mI (36) boot.esp32: SPI Mode       : DIO[0m
[0;32mI (40) boot.esp32: SPI Flash Size : 2MB[0m
[0;32mI (43) boot: Enabling RNG early entropy source...[0m
[0;32mI (48) boot: Partition Table:[0m
[0;32mI (50) boot: ## Label            Usage          Type ST Offset   Length[0m
[0;32mI (57) boot:  0 nvs              WiFi data        01 02 00009000 00006000[0m
[0;32mI (63) boot:  1 phy_init         RF data          01 01 0000f000 00001000[0m
[0;32mI (70) boot:  2 factory          factory app      00 00 00010000 000e0000[0m
[0;32mI (76) boot:  3 storage          Unknown data     01 82 000f0000 00020000[0m
[0;32mI (83) boot: End of partition table[0m
[0;32mI (86) esp_image: segment 0: paddr=00010020 vaddr=3f400020 size=0d410h ( 54288) map[0m
[0;32mI (113) esp_image: segment 1: paddr=0001d438 vaddr=3ffb0000 size=02be0h ( 11232) load[0m
[0;32mI (117) esp_image: segment 2: paddr=00020020 vaddr=400d0020 size=2d77ch (186236) map[0m
[0;32mI (184) esp_image: segment 3: paddr=0004d7a4 vaddr=3ffb2be0 size=008a0h (  2208) load[0m
[0;32mI (185) esp_image: segment 4: paddr=0004e ( 64200) load[0m
[0;32mI (214) esp_image: segment 5: paddr=0005db1c vaddr=50000000 size=00024h (    36) load[0m
[0;32mI (222) boot: Loaded app from partition at offset 0x10000[0m
[0;32mI (223) boot: Disabling RNG early entsource...[0m
[0;32mI (235) cpu_start: Multicore app[0m
[0;32mI (243) cpu_start: GPIO 3 and 1 are used as console UART I/O pins[0m
[0;32mI (243) cpu_start: Pro cpu start user code[0m
[0;32mI (244) cpu_start: cpu freq: 160000000 Hz[0m
[0;32mI (245) app_init: Application information:[0m
[0;32mI (249) app_init: Project name:     ecen330_lab7[0m
[0;32mI (254) app_init: App version:      1[0m
[0;32mI (257) app_init: Compile time:     Nov 21 2025 16:40:46[0m
[0;32mI (262) app_init: ELF file SHA256:  aa9f2d234...[0m
[0;32mI (266) app_init: ESP-IDF:          v6.0-dev-2367-g5c5eb99eab[0m
[0;32mI (272) efuse_init: Min chip rev:     v0.0[0m
[0;32mI (276) efuse_init: Max chip rev:     v3.99 [0m
[0;32mI (280) efuse_init: Chip rev:         v1.1[0m
[0;32mI (284) heap_init: Initializing. RAM available for dynamic allocation:[0m
[0;32mI (290) heap_init: At 3FFAE6E0 len 00001920 (6 KiB): DRAM[0m
[0;32mI (295) heap_init: At 3FFD39A8 len 0000C658 (49 KiB): DRAM[0m
[0;32mI (300) heap_init: At 3FFE0440 len 00003AE0 (14 KiB): D/IRAM[0m
[0;32mI (305) heap_init: At 3FFE4350 len 0001BCB0 (111 KiB): D/IRAM[0m
[0;32mI (311) heap_init: At 4008FAC8 len 00010538 (65 KiB): IRAM[0m
[0;32mI (318) spi_flash: detected chip: generic[0m
[0;32mI (320) spi_flash: flash io: dio[0m
[0;33mW (323) spi_flash: Detected size(4096k) larger than the size in the binary image header(2048k). Using the size in the binary image header.[0m
[0;32mI (336) main_task: Started on CPU0[0m
[0;32mI (346) main_task: Calling app_main()[0m
[0;32mI (346) ADC_LOGGER: Starting ADC Logger (SPIFFS)[0m
[0;33mW (346) SPIFFS: mount failed, -10025. formatting...[0m
[0;32mI (496) ADC_LOGGER: SPIFFS mounted (total=113201, used=0)[0m
[0;32mI (496) ADC_LOGGER: Press button to START logging[0m
[0;32mI (15156) ADC_LOGGER: LOGGING STARTED...[0m
[0;32mI (19156) ADC_LOGGER: STOPPED. Samples collected: 20000[0m
